// Jest Snapshot v1, https://goo.gl/fbAQLP

exports[`test-utils checkChildrenRender should fail if component does not render its children 1`] = `
"[2mexpect([22m[31mreceived[39m[2m).toHaveLength([22m[32mlength[39m[2m)[22m

Expected value to have length:
  [32m1[39m
Received:
  [31m{Symbol(enzyme.__root__): {Symbol(enzyme.__root__): [Circular], Symbol(enzyme.__unrendered__): <Foo><Dummy /></Foo>, Symbol(enzyme.__renderer__): {\\"batchedUpdates\\": [Function batchedUpdates], \\"checkPropTypes\\": [Function checkPropTypes], \\"getNode\\": [Function getNode], \\"render\\": [Function render], \\"simulateError\\": [Function simulateError], \\"simulateEvent\\": [Function simulateEvent], \\"unmount\\": [Function unmount]}, Symbol(enzyme.__node__): {\\"instance\\": null, \\"key\\": undefined, \\"nodeType\\": \\"function\\", \\"props\\": {}, \\"ref\\": null, \\"rendered\\": null, \\"type\\": Symbol(react.fragment)}, Symbol(enzyme.__nodes__): [{\\"instance\\": null, \\"key\\": undefined, \\"nodeType\\": \\"function\\", \\"props\\": {}, \\"ref\\": null, \\"rendered\\": null, \\"type\\": Symbol(react.fragment)}], Symbol(enzyme.__options__): {\\"adapter\\": {\\"options\\": {\\"enableComponentDidUpdateOnSetState\\": true, \\"legacyContextMode\\": \\"parent\\", \\"lifecycles\\": {\\"componentDidUpdate\\": {\\"onSetState\\": true}, \\"getChildContext\\": {\\"calledByRenderer\\": false}, \\"getDerivedStateFromError\\": true, \\"getDerivedStateFromProps\\": {\\"hasShouldComponentUpdateBug\\": false}, \\"getSnapshotBeforeUpdate\\": true, \\"setState\\": {\\"skipsComponentDidUpdateOnNullish\\": true}}}}, \\"disableLifecycleMethods\\": true, Symbol(enzyme.__providerValues__): undefined}, Symbol(enzyme.__providerValues__): Map {}}, Symbol(enzyme.__unrendered__): null, Symbol(enzyme.__renderer__): {\\"batchedUpdates\\": [Function batchedUpdates], \\"checkPropTypes\\": [Function checkPropTypes], \\"getNode\\": [Function getNode], \\"render\\": [Function render], \\"simulateError\\": [Function simulateError], \\"simulateEvent\\": [Function simulateEvent], \\"unmount\\": [Function unmount]}, Symbol(enzyme.__node__): undefined, Symbol(enzyme.__nodes__): [], Symbol(enzyme.__options__): {\\"adapter\\": {\\"options\\": {\\"enableComponentDidUpdateOnSetState\\": true, \\"legacyContextMode\\": \\"parent\\", \\"lifecycles\\": {\\"componentDidUpdate\\": {\\"onSetState\\": true}, \\"getChildContext\\": {\\"calledByRenderer\\": false}, \\"getDerivedStateFromError\\": true, \\"getDerivedStateFromProps\\": {\\"hasShouldComponentUpdateBug\\": false}, \\"getSnapshotBeforeUpdate\\": true, \\"setState\\": {\\"skipsComponentDidUpdateOnNullish\\": true}}}}, \\"disableLifecycleMethods\\": true, Symbol(enzyme.__providerValues__): undefined}, Symbol(enzyme.__rootNodes__): [{\\"instance\\": null, \\"key\\": undefined, \\"nodeType\\": \\"function\\", \\"props\\": {}, \\"ref\\": null, \\"rendered\\": null, \\"type\\": Symbol(react.fragment)}], Symbol(enzyme.__providerValues__): null}[39m
received.length:
  [31m0[39m"
`;
